%!Adobe-FontList 1.20
%Locale:0x409

%BeginFont
Handler:DirectoryHandler
FontType:Invalid
OutlineFileName:C:\Users\Stephanie Zhang\Documents\Projects\Archive\Aurora\Font\EuclidCircularB-Bold.eot
FileModTime:1593208932
%EndFont

%BeginFont
Handler:DirectoryHandler
FontType:TrueType
FontName:EuclidCircularB-Bold
FamilyName:Euclid Circular B
StyleName:Bold
FullName:EuclidCircularB-Bold
MenuName:Euclid Circular B
StyleBits:2
WritingScript:Roman
OutlineFileName:C:\Users\Stephanie Zhang\Documents\Projects\Archive\Aurora\Font\EuclidCircularB-Bold.ttf
DataFormat:sfntData
hasSVG:no
VariableFontType:NonVariableFont
FileLength:137752
FileModTime:1593208932
WeightClass:700
WidthClass:5
AngleClass:0
NameArray:0,Mac,18,Euclid Circular B Bold
NameArray:0,Mac,4,EuclidCircularB-Bold
NameArray:0,Win,1,Euclid Circular B
NameArray:0,Win,16,Euclid Circular B
%EndFont

%BeginFont
Handler:DirectoryHandler
FontType:Invalid
OutlineFileName:C:\Users\Stephanie Zhang\Documents\Projects\Archive\Aurora\Font\EuclidCircularB-Bold.woff
FileModTime:1593208932
%EndFont

%BeginFont
Handler:DirectoryHandler
FontType:Invalid
OutlineFileName:C:\Users\Stephanie Zhang\Documents\Projects\Archive\Aurora\Font\EuclidCircularB-Bold.woff2
FileModTime:1593208932
%EndFont

%BeginFont
Handler:DirectoryHandler
FontType:Invalid
OutlineFileName:C:\Users\Stephanie Zhang\Documents\Projects\Archive\Aurora\Font\EuclidCircularB-BoldItalic.eot
FileModTime:1593208932
%EndFont

%BeginFont
Handler:DirectoryHandler
FontType:TrueType
FontName:EuclidCircularB-BoldItalic
FamilyName:Euclid Circular B
StyleName:Bold Italic
FullName:EuclidCircularB-BoldItalic
MenuName:Euclid Circular B
StyleBits:3
WritingScript:Roman
OutlineFileName:C:\Users\Stephanie Zhang\Documents\Projects\Archive\Aurora\Font\EuclidCircularB-BoldItalic.ttf
DataFormat:sfntData
hasSVG:no
VariableFontType:NonVariableFont
FileLength:143324
FileModTime:1593208932
WeightClass:700
WidthClass:5
AngleClass:1
NameArray:0,Mac,18,Euclid Circular B Bold Italic
NameArray:0,Mac,4,EuclidCircularB-BoldItalic
NameArray:0,Win,1,Euclid Circular B
NameArray:0,Win,16,Euclid Circular B
%EndFont

%BeginFont
Handler:DirectoryHandler
FontType:Invalid
OutlineFileName:C:\Users\Stephanie Zhang\Documents\Projects\Archive\Aurora\Font\EuclidCircularB-BoldItalic.woff
FileModTime:1593208932
%EndFont

%BeginFont
Handler:DirectoryHandler
FontType:Invalid
OutlineFileName:C:\Users\Stephanie Zhang\Documents\Projects\Archive\Aurora\Font\EuclidCircularB-BoldItalic.woff2
FileModTime:1593208932
%EndFont

%BeginFont
Handler:DirectoryHandler
FontType:Invalid
OutlineFileName:C:\Users\Stephanie Zhang\Documents\Projects\Archive\Aurora\Font\EuclidCircularB-Italic.eot
FileModTime:1593208932
%EndFont

%BeginFont
Handler:DirectoryHandler
FontType:TrueType
FontName:EuclidCircularB-Italic
FamilyName:Euclid Circular B
StyleName:Italic
FullName:EuclidCircularB-Italic
MenuName:Euclid Circular B
StyleBits:1
WritingScript:Roman
OutlineFileName:C:\Users\Stephanie Zhang\Documents\Projects\Archive\Aurora\Font\EuclidCircularB-Italic.ttf
DataFormat:sfntData
hasSVG:no
VariableFontType:NonVariableFont
FileLength:146772
FileModTime:1593208932
WeightClass:400
WidthClass:5
AngleClass:1
NameArray:0,Mac,18,Euclid Circular B Italic
NameArray:0,Mac,4,EuclidCircularB-Italic
NameArray:0,Win,1,Euclid Circular B
NameArray:0,Win,16,Euclid Circular B
%EndFont

%BeginFont
Handler:DirectoryHandler
FontType:Invalid
OutlineFileName:C:\Users\Stephanie Zhang\Documents\Projects\Archive\Aurora\Font\EuclidCircularB-Italic.woff
FileModTime:1593208932
%EndFont

%BeginFont
Handler:DirectoryHandler
FontType:Invalid
OutlineFileName:C:\Users\Stephanie Zhang\Documents\Projects\Archive\Aurora\Font\EuclidCircularB-Italic.woff2
FileModTime:1593208932
%EndFont

%BeginFont
Handler:DirectoryHandler
FontType:Invalid
OutlineFileName:C:\Users\Stephanie Zhang\Documents\Projects\Archive\Aurora\Font\EuclidCircularB-Light.eot
FileModTime:1593208932
%EndFont

%BeginFont
Handler:DirectoryHandler
FontType:TrueType
FontName:EuclidCircularB-Light
FamilyName:Euclid Circular B
StyleName:Light
FullName:EuclidCircularB-Light
MenuName:Euclid Circular B Light
StyleBits:0
WritingScript:Roman
OutlineFileName:C:\Users\Stephanie Zhang\Documents\Projects\Archive\Aurora\Font\EuclidCircularB-Light.ttf
DataFormat:sfntData
hasSVG:no
VariableFontType:NonVariableFont
FileLength:134108
FileModTime:1593208932
WeightClass:300
WidthClass:5
AngleClass:0
NameArray:0,Mac,18,Euclid Circular B Light
NameArray:0,Mac,4,EuclidCircularB-Light
NameArray:0,Win,1,Euclid Circular B Light
NameArray:0,Win,16,Euclid Circular B
%EndFont

%BeginFont
Handler:DirectoryHandler
FontType:Invalid
OutlineFileName:C:\Users\Stephanie Zhang\Documents\Projects\Archive\Aurora\Font\EuclidCircularB-Light.woff
FileModTime:1593208932
%EndFont

%BeginFont
Handler:DirectoryHandler
FontType:Invalid
OutlineFileName:C:\Users\Stephanie Zhang\Documents\Projects\Archive\Aurora\Font\EuclidCircularB-Light.woff2
FileModTime:1593208932
%EndFont

%BeginFont
Handler:DirectoryHandler
FontType:Invalid
OutlineFileName:C:\Users\Stephanie Zhang\Documents\Projects\Archive\Aurora\Font\EuclidCircularB-LightItalic.eot
FileModTime:1593208932
%EndFont

%BeginFont
Handler:DirectoryHandler
FontType:TrueType
FontName:EuclidCircularB-LightItalic
FamilyName:Euclid Circular B
StyleName:Light Italic
FullName:EuclidCircularB-LightItalic
MenuName:Euclid Circular B Light
StyleBits:1
WritingScript:Roman
OutlineFileName:C:\Users\Stephanie Zhang\Documents\Projects\Archive\Aurora\Font\EuclidCircularB-LightItalic.ttf
DataFormat:sfntData
hasSVG:no
VariableFontType:NonVariableFont
FileLength:139476
FileModTime:1593208932
WeightClass:300
WidthClass:5
AngleClass:1
NameArray:0,Mac,18,Euclid Circular B Light Italic
NameArray:0,Mac,4,EuclidCircularB-LightItalic
NameArray:0,Win,1,Euclid Circular B Light
NameArray:0,Win,16,Euclid Circular B
%EndFont

%BeginFont
Handler:DirectoryHandler
FontType:Invalid
OutlineFileName:C:\Users\Stephanie Zhang\Documents\Projects\Archive\Aurora\Font\EuclidCircularB-LightItalic.woff
FileModTime:1593208932
%EndFont

%BeginFont
Handler:DirectoryHandler
FontType:Invalid
OutlineFileName:C:\Users\Stephanie Zhang\Documents\Projects\Archive\Aurora\Font\EuclidCircularB-LightItalic.woff2
FileModTime:1593208932
%EndFont

%BeginFont
Handler:DirectoryHandler
FontType:Invalid
OutlineFileName:C:\Users\Stephanie Zhang\Documents\Projects\Archive\Aurora\Font\EuclidCircularB-Medium.eot
FileModTime:1593208932
%EndFont

%BeginFont
Handler:DirectoryHandler
FontType:TrueType
FontName:EuclidCircularB-Medium
FamilyName:Euclid Circular B
StyleName:Medium
FullName:EuclidCircularB-Medium
MenuName:Euclid Circular B Medium
StyleBits:0
WritingScript:Roman
OutlineFileName:C:\Users\Stephanie Zhang\Documents\Projects\Archive\Aurora\Font\EuclidCircularB-Medium.ttf
DataFormat:sfntData
hasSVG:no
VariableFontType:NonVariableFont
FileLength:141624
FileModTime:1593208932
WeightClass:500
WidthClass:5
AngleClass:0
NameArray:0,Mac,18,Euclid Circular B Medium
NameArray:0,Mac,4,EuclidCircularB-Medium
NameArray:0,Win,1,Euclid Circular B Medium
NameArray:0,Win,16,Euclid Circular B
%EndFont

%BeginFont
Handler:DirectoryHandler
FontType:Invalid
OutlineFileName:C:\Users\Stephanie Zhang\Documents\Projects\Archive\Aurora\Font\EuclidCircularB-Medium.woff
FileModTime:1593208932
%EndFont

%BeginFont
Handler:DirectoryHandler
FontType:Invalid
OutlineFileName:C:\Users\Stephanie Zhang\Documents\Projects\Archive\Aurora\Font\EuclidCircularB-Medium.woff2
FileModTime:1593208932
%EndFont

%BeginFont
Handler:DirectoryHandler
FontType:Invalid
OutlineFileName:C:\Users\Stephanie Zhang\Documents\Projects\Archive\Aurora\Font\EuclidCircularB-MediumItalic.eot
FileModTime:1593208932
%EndFont

%BeginFont
Handler:DirectoryHandler
FontType:TrueType
FontName:EuclidCircularB-MediumItalic
FamilyName:Euclid Circular B
StyleName:Medium Italic
FullName:EuclidCircularB-MediumItalic
MenuName:Euclid Circular B Medium
StyleBits:1
WritingScript:Roman
OutlineFileName:C:\Users\Stephanie Zhang\Documents\Projects\Archive\Aurora\Font\EuclidCircularB-MediumItalic.ttf
DataFormat:sfntData
hasSVG:no
VariableFontType:NonVariableFont
FileLength:146808
FileModTime:1593208933
WeightClass:500
WidthClass:5
AngleClass:1
NameArray:0,Mac,18,Euclid Circular B Medium Italic
NameArray:0,Mac,4,EuclidCircularB-MediumItalic
NameArray:0,Win,1,Euclid Circular B Medium
NameArray:0,Win,16,Euclid Circular B
%EndFont

%BeginFont
Handler:DirectoryHandler
FontType:Invalid
OutlineFileName:C:\Users\Stephanie Zhang\Documents\Projects\Archive\Aurora\Font\EuclidCircularB-MediumItalic.woff
FileModTime:1593208933
%EndFont

%BeginFont
Handler:DirectoryHandler
FontType:Invalid
OutlineFileName:C:\Users\Stephanie Zhang\Documents\Projects\Archive\Aurora\Font\EuclidCircularB-MediumItalic.woff2
FileModTime:1593208933
%EndFont

%BeginFont
Handler:DirectoryHandler
FontType:Invalid
OutlineFileName:C:\Users\Stephanie Zhang\Documents\Projects\Archive\Aurora\Font\EuclidCircularB-Regular.eot
FileModTime:1593208933
%EndFont

%BeginFont
Handler:DirectoryHandler
FontType:TrueType
FontName:EuclidCircularB-Regular
FamilyName:Euclid Circular B
StyleName:Regular
FullName:EuclidCircularB-Regular
MenuName:Euclid Circular B
StyleBits:0
WritingScript:Roman
OutlineFileName:C:\Users\Stephanie Zhang\Documents\Projects\Archive\Aurora\Font\EuclidCircularB-Regular.ttf
DataFormat:sfntData
hasSVG:no
VariableFontType:NonVariableFont
FileLength:141448
FileModTime:1593208933
WeightClass:400
WidthClass:5
AngleClass:0
NameArray:0,Mac,18,Euclid Circular B Regular
NameArray:0,Mac,4,EuclidCircularB-Regular
NameArray:0,Win,1,Euclid Circular B
NameArray:0,Win,16,Euclid Circular B
%EndFont

%BeginFont
Handler:DirectoryHandler
FontType:Invalid
OutlineFileName:C:\Users\Stephanie Zhang\Documents\Projects\Archive\Aurora\Font\EuclidCircularB-Regular.woff
FileModTime:1593208933
%EndFont

%BeginFont
Handler:DirectoryHandler
FontType:Invalid
OutlineFileName:C:\Users\Stephanie Zhang\Documents\Projects\Archive\Aurora\Font\EuclidCircularB-Regular.woff2
FileModTime:1593208933
%EndFont

%BeginFont
Handler:DirectoryHandler
FontType:Invalid
OutlineFileName:C:\Users\Stephanie Zhang\Documents\Projects\Archive\Aurora\Font\EuclidCircularB-SemiBold.eot
FileModTime:1593208933
%EndFont

%BeginFont
Handler:DirectoryHandler
FontType:TrueType
FontName:EuclidCircularB-SemiBold
FamilyName:Euclid Circular B
StyleName:SemiBold
FullName:EuclidCircularB-SemiBold
MenuName:Euclid Circular B SemiBold
StyleBits:2
WritingScript:Roman
OutlineFileName:C:\Users\Stephanie Zhang\Documents\Projects\Archive\Aurora\Font\EuclidCircularB-SemiBold.ttf
DataFormat:sfntData
hasSVG:no
VariableFontType:NonVariableFont
FileLength:141236
FileModTime:1593208933
WeightClass:600
WidthClass:5
AngleClass:0
NameArray:0,Mac,18,Euclid Circular B SemiBold
NameArray:0,Mac,4,EuclidCircularB-SemiBold
NameArray:0,Win,1,Euclid Circular B SemiBold
NameArray:0,Win,16,Euclid Circular B
%EndFont

%BeginFont
Handler:DirectoryHandler
FontType:Invalid
OutlineFileName:C:\Users\Stephanie Zhang\Documents\Projects\Archive\Aurora\Font\EuclidCircularB-SemiBold.woff
FileModTime:1593208933
%EndFont

%BeginFont
Handler:DirectoryHandler
FontType:Invalid
OutlineFileName:C:\Users\Stephanie Zhang\Documents\Projects\Archive\Aurora\Font\EuclidCircularB-SemiBold.woff2
FileModTime:1593208933
%EndFont

%BeginFont
Handler:DirectoryHandler
FontType:Invalid
OutlineFileName:C:\Users\Stephanie Zhang\Documents\Projects\Archive\Aurora\Font\EuclidCircularB-SemiBoldItalic.eot
FileModTime:1593208933
%EndFont

%BeginFont
Handler:DirectoryHandler
FontType:TrueType
FontName:EuclidCircularB-SemiBoldItalic
FamilyName:Euclid Circular B
StyleName:SemiBold Italic
FullName:EuclidCircularB-SemiBoldItalic
MenuName:Euclid Circular B SemiBold
StyleBits:3
WritingScript:Roman
OutlineFileName:C:\Users\Stephanie Zhang\Documents\Projects\Archive\Aurora\Font\EuclidCircularB-SemiBoldItalic.ttf
DataFormat:sfntData
hasSVG:no
VariableFontType:NonVariableFont
FileLength:146564
FileModTime:1593208933
WeightClass:600
WidthClass:5
AngleClass:1
NameArray:0,Mac,18,Euclid Circular B SemiBold Italic
NameArray:0,Mac,4,EuclidCircularB-SemiBoldItalic
NameArray:0,Win,1,Euclid Circular B SemiBold
NameArray:0,Win,16,Euclid Circular B
%EndFont

%BeginFont
Handler:DirectoryHandler
FontType:Invalid
OutlineFileName:C:\Users\Stephanie Zhang\Documents\Projects\Archive\Aurora\Font\EuclidCircularB-SemiBoldItalic.woff
FileModTime:1593208933
%EndFont

%BeginFont
Handler:DirectoryHandler
FontType:Invalid
OutlineFileName:C:\Users\Stephanie Zhang\Documents\Projects\Archive\Aurora\Font\EuclidCircularB-SemiBoldItalic.woff2
FileModTime:1593208933
%EndFont

%BeginFont
Handler:DirectoryHandler
FontType:Invalid
OutlineFileName:C:\Users\Stephanie Zhang\Documents\Projects\Archive\Aurora\Font\stylesheet.css
FileModTime:1593208933
%EndFont

